[33mΓ¥»[39m Building...
[32mΓ£ö[39m Building...
Application bundle generation failed. [8.183 seconds]

node.exe : [1m[33m[33mΓû▓ [43;33m[[43;30mWARNING[43;33m][0m [1m1 repetitive deprecation warnings 
omitted.
At C:\Users\YEHAN\AppData\Roaming\npm\ng.ps1:24 char:5
+     & "node$exe"  "$basedir/node_modules/@angular/cli/bin/ng.js" $arg ...
+     ~~~~~~~~~~~~~~~~~~~~~~~~~~~~~~~~~~~~~~~~~~~~~~~~~~~~~~~~~~~~~~~~~
    + CategoryInfo          : NotSpecified: ([1m[33m[33mΓ...rnings omitted.:String) [], RemoteException
    + FullyQualifiedErrorId : NativeCommandError
 
Run in verbose mode to see all warnings.[0m [1m[35m[plugin angular-sass][0m

  null


[33mΓû▓ [43;33m[[43;30mWARNING[43;33m][0m [1m1 repetitive deprecation warnings omitted.
Run in verbose mode to see all warnings.[0m [1m[35m[plugin angular-sass][0m

  null


[33mΓû▓ [43;33m[[43;30mWARNING[43;33m][0m [1mDeprecation[0m [1m[35m[plugin angular-sass][0m

    src/app/app.component.scss:1:8:
[37m      1 Γöé @import [32m[37m"../styles/variables";
        Γò╡         [32m^[0m


  Sass @import rules are deprecated and will be removed in Dart Sass 3.0.0.
  
  More info and automated migrator: [4mhttps://sass-lang.com/d/import[0m


[33mΓû▓ [43;33m[[43;30mWARNING[43;33m][0m [1mDeprecation[0m [1m[35m[plugin angular-sass][0m

    src/app/app.component.scss:2:8:
[37m      2 Γöé @import [32m[37m"../styles/mixins";
        Γò╡         [32m^[0m


  Sass @import rules are deprecated and will be removed in Dart Sass 3.0.0.
  
  More info and automated migrator: [4mhttps://sass-lang.com/d/import[0m


[33mΓû▓ [43;33m[[43;30mWARNING[43;33m][0m [1mDeprecation[0m [1m[35m[plugin angular-sass][0m

    src/app/features/auth/forgot-password/forgot-password.component.scss:1:8:
[37m      1 Γöé @import [32m[37m"../../../../styles/variables";
        Γò╡         [32m^[0m


  Sass @import rules are deprecated and will be removed in Dart Sass 3.0.0.
  
  More info and automated migrator: [4mhttps://sass-lang.com/d/import[0m


[33mΓû▓ [43;33m[[43;30mWARNING[43;33m][0m [1mDeprecation[0m [1m[35m[plugin angular-sass][0m

    src/app/features/auth/forgot-password/forgot-password.component.scss:2:8:
[37m      2 Γöé @import [32m[37m"../../../../styles/mixins";
        Γò╡         [32m^[0m


  Sass @import rules are deprecated and will be removed in Dart Sass 3.0.0.
  
  More info and automated migrator: [4mhttps://sass-lang.com/d/import[0m


[33mΓû▓ [43;33m[[43;30mWARNING[43;33m][0m [1mDeprecation[0m [1m[35m[plugin angular-sass][0m

    src/app/features/auth/forgot-password/forgot-password.component.scss:3:8:
[37m      3 Γöé @import [32m[37m"../login/login.component.scss";
        Γò╡         [32m^[0m


  Sass @import rules are deprecated and will be removed in Dart Sass 3.0.0.
  
  More info and automated migrator: [4mhttps://sass-lang.com/d/import[0m


[33mΓû▓ [43;33m[[43;30mWARNING[43;33m][0m [1mDeprecation[0m [1m[35m[plugin angular-sass][0m

    src/app/features/auth/login/login.component.scss:1:8:
[37m      1 Γöé @import [32m[37m"../../../../styles/variables";
        Γò╡         [32m^[0m


  Sass @import rules are deprecated and will be removed in Dart Sass 3.0.0.
  
  More info and automated migrator: [4mhttps://sass-lang.com/d/import[0m


[33mΓû▓ [43;33m[[43;30mWARNING[43;33m][0m [1mDeprecation[0m [1m[35m[plugin angular-sass][0m

    src/app/features/auth/login/login.component.scss:1:8:
[37m      1 Γöé @import [32m[37m"../../../../styles/variables";
        Γò╡         [32m^[0m


  Sass @import rules are deprecated and will be removed in Dart Sass 3.0.0.
  
  More info and automated migrator: [4mhttps://sass-lang.com/d/import[0m


[33mΓû▓ [43;33m[[43;30mWARNING[43;33m][0m [1mDeprecation[0m [1m[35m[plugin angular-sass][0m

    src/app/features/auth/login/login.component.scss:1:8:
[37m      1 Γöé @import [32m[37m"../../../../styles/variables";
        Γò╡         [32m^[0m


  Sass @import rules are deprecated and will be removed in Dart Sass 3.0.0.
  
  More info and automated migrator: [4mhttps://sass-lang.com/d/import[0m


[33mΓû▓ [43;33m[[43;30mWARNING[43;33m][0m [1mDeprecation[0m [1m[35m[plugin angular-sass][0m

    src/app/features/auth/login/login.component.scss:2:8:
[37m      2 Γöé @import [32m[37m"../../../../styles/mixins";
        Γò╡         [32m^[0m


  Sass @import rules are deprecated and will be removed in Dart Sass 3.0.0.
  
  More info and automated migrator: [4mhttps://sass-lang.com/d/import[0m


[33mΓû▓ [43;33m[[43;30mWARNING[43;33m][0m [1mDeprecation[0m [1m[35m[plugin angular-sass][0m

    src/app/features/auth/register/register.component.scss:1:8:
[37m      1 Γöé @import [32m[37m"../../../../styles/variables";
        Γò╡         [32m^[0m


  Sass @import rules are deprecated and will be removed in Dart Sass 3.0.0.
  
  More info and automated migrator: [4mhttps://sass-lang.com/d/import[0m


[33mΓû▓ [43;33m[[43;30mWARNING[43;33m][0m [1mDeprecation[0m [1m[35m[plugin angular-sass][0m

    src/app/features/auth/register/register.component.scss:2:8:
[37m      2 Γöé @import [32m[37m"../../../../styles/mixins";
        Γò╡         [32m^[0m


  Sass @import rules are deprecated and will be removed in Dart Sass 3.0.0.
  
  More info and automated migrator: [4mhttps://sass-lang.com/d/import[0m


[33mΓû▓ [43;33m[[43;30mWARNING[43;33m][0m [1mDeprecation[0m [1m[35m[plugin angular-sass][0m

    src/app/features/auth/register/register.component.scss:3:8:
[37m      3 Γöé @import [32m[37m"../login/login.component.scss";
        Γò╡         [32m^[0m


  Sass @import rules are deprecated and will be removed in Dart Sass 3.0.0.
  
  More info and automated migrator: [4mhttps://sass-lang.com/d/import[0m


[33mΓû▓ [43;33m[[43;30mWARNING[43;33m][0m [1mDeprecation[0m [1m[35m[plugin angular-sass][0m

    src/app/features/customers/customer-detail/customer-detail.component.scss:1:8:
[37m      1 Γöé @import [32m[37m"../../../../styles/variables";
        Γò╡         [32m^[0m


  Sass @import rules are deprecated and will be removed in Dart Sass 3.0.0.
  
  More info and automated migrator: [4mhttps://sass-lang.com/d/import[0m


[33mΓû▓ [43;33m[[43;30mWARNING[43;33m][0m [1mDeprecation[0m [1m[35m[plugin angular-sass][0m

    src/app/features/customers/customer-detail/customer-detail.component.scss:2:8:
[37m      2 Γöé @import [32m[37m"../../../../styles/mixins";
        Γò╡         [32m^[0m


  Sass @import rules are deprecated and will be removed in Dart Sass 3.0.0.
  
  More info and automated migrator: [4mhttps://sass-lang.com/d/import[0m


[33mΓû▓ [43;33m[[43;30mWARNING[43;33m][0m [1mDeprecation[0m [1m[35m[plugin angular-sass][0m

    src/app/features/customers/customer-form/customer-form.component.scss:1:8:
[37m      1 Γöé @import [32m[37m"../../../../styles/variables";
        Γò╡         [32m^[0m


  Sass @import rules are deprecated and will be removed in Dart Sass 3.0.0.
  
  More info and automated migrator: [4mhttps://sass-lang.com/d/import[0m


[33mΓû▓ [43;33m[[43;30mWARNING[43;33m][0m [1mDeprecation[0m [1m[35m[plugin angular-sass][0m

    src/app/features/customers/customer-form/customer-form.component.scss:2:8:
[37m      2 Γöé @import [32m[37m"../../../../styles/mixins";
        Γò╡         [32m^[0m


  Sass @import rules are deprecated and will be removed in Dart Sass 3.0.0.
  
  More info and automated migrator: [4mhttps://sass-lang.com/d/import[0m


[33mΓû▓ [43;33m[[43;30mWARNING[43;33m][0m [1mDeprecation[0m [1m[35m[plugin angular-sass][0m

    src/app/features/customers/customer-list/customer-list.component.scss:1:8:
[37m      1 Γöé @import [32m[37m"../../../../styles/variables";
        Γò╡         [32m^[0m


  Sass @import rules are deprecated and will be removed in Dart Sass 3.0.0.
  
  More info and automated migrator: [4mhttps://sass-lang.com/d/import[0m


[33mΓû▓ [43;33m[[43;30mWARNING[43;33m][0m [1mDeprecation[0m [1m[35m[plugin angular-sass][0m

    src/app/features/customers/customer-list/customer-list.component.scss:2:8:
[37m      2 Γöé @import [32m[37m"../../../../styles/mixins";
        Γò╡         [32m^[0m


  Sass @import rules are deprecated and will be removed in Dart Sass 3.0.0.
  
  More info and automated migrator: [4mhttps://sass-lang.com/d/import[0m


[33mΓû▓ [43;33m[[43;30mWARNING[43;33m][0m [1mDeprecation[0m [1m[35m[plugin angular-sass][0m

    src/app/features/dashboard/dashboard-home/dashboard-home.component.scss:1:8:
[37m      1 Γöé @import [32m[37m"../../../../styles/variables";
        Γò╡         [32m^[0m


  Sass @import rules are deprecated and will be removed in Dart Sass 3.0.0.
  
  More info and automated migrator: [4mhttps://sass-lang.com/d/import[0m


[33mΓû▓ [43;33m[[43;30mWARNING[43;33m][0m [1mDeprecation[0m [1m[35m[plugin angular-sass][0m

    src/app/features/dashboard/dashboard-home/dashboard-home.component.scss:2:8:
[37m      2 Γöé @import [32m[37m"../../../../styles/mixins";
        Γò╡         [32m^[0m


  Sass @import rules are deprecated and will be removed in Dart Sass 3.0.0.
  
  More info and automated migrator: [4mhttps://sass-lang.com/d/import[0m


[33mΓû▓ [43;33m[[43;30mWARNING[43;33m][0m [1mDeprecation[0m [1m[35m[plugin angular-sass][0m

    src/app/features/hardware/hardware-config/hardware-config.component.scss:1:8:
[37m      1 Γöé @import [32m[37m"../../../../styles/variables";
        Γò╡         [32m^[0m


  Sass @import rules are deprecated and will be removed in Dart Sass 3.0.0.
  
  More info and automated migrator: [4mhttps://sass-lang.com/d/import[0m


[33mΓû▓ [43;33m[[43;30mWARNING[43;33m][0m [1mDeprecation[0m [1m[35m[plugin angular-sass][0m

    src/app/features/hardware/hardware-config/hardware-config.component.scss:2:8:
[37m      2 Γöé @import [32m[37m"../../../../styles/mixins";
        Γò╡         [32m^[0m


  Sass @import rules are deprecated and will be removed in Dart Sass 3.0.0.
  
  More info and automated migrator: [4mhttps://sass-lang.com/d/import[0m


[33mΓû▓ [43;33m[[43;30mWARNING[43;33m][0m [1mDeprecation[0m [1m[35m[plugin angular-sass][0m

    src/app/features/hardware/hardware-status/hardware-status.component.scss:1:8:
[37m      1 Γöé @import [32m[37m"../../../../styles/variables";
        Γò╡         [32m^[0m


  Sass @import rules are deprecated and will be removed in Dart Sass 3.0.0.
  
  More info and automated migrator: [4mhttps://sass-lang.com/d/import[0m


[33mΓû▓ [43;33m[[43;30mWARNING[43;33m][0m [1mDeprecation[0m [1m[35m[plugin angular-sass][0m

    src/app/features/hardware/hardware-status/hardware-status.component.scss:2:8:
[37m      2 Γöé @import [32m[37m"../../../../styles/mixins";
        Γò╡         [32m^[0m


  Sass @import rules are deprecated and will be removed in Dart Sass 3.0.0.
  
  More info and automated migrator: [4mhttps://sass-lang.com/d/import[0m


[33mΓû▓ [43;33m[[43;30mWARNING[43;33m][0m [1mDeprecation[0m [1m[35m[plugin angular-sass][0m

    src/app/features/hardware/receipt-designer/receipt-designer.component.scss:1:8:
[37m      1 Γöé @import [32m[37m"../../../../styles/variables";
        Γò╡         [32m^[0m


  Sass @import rules are deprecated and will be removed in Dart Sass 3.0.0.
  
  More info and automated migrator: [4mhttps://sass-lang.com/d/import[0m


[33mΓû▓ [43;33m[[43;30mWARNING[43;33m][0m [1mDeprecation[0m [1m[35m[plugin angular-sass][0m

    src/app/features/hardware/receipt-designer/receipt-designer.component.scss:2:8:
[37m      2 Γöé @import [32m[37m"../../../../styles/mixins";
        Γò╡         [32m^[0m


  Sass @import rules are deprecated and will be removed in Dart Sass 3.0.0.
  
  More info and automated migrator: [4mhttps://sass-lang.com/d/import[0m


[33mΓû▓ [43;33m[[43;30mWARNING[43;33m][0m [1mDeprecation[0m [1m[35m[plugin angular-sass][0m

    src/app/features/inventory/inventory-dashboard/inventory-dashboard.component.scss:1:8:
[37m      1 Γöé @import [32m[37m"../../../../styles/variables";
        Γò╡         [32m^[0m


  Sass @import rules are deprecated and will be removed in Dart Sass 3.0.0.
  
  More info and automated migrator: [4mhttps://sass-lang.com/d/import[0m


[33mΓû▓ [43;33m[[43;30mWARNING[43;33m][0m [1mDeprecation[0m [1m[35m[plugin angular-sass][0m

    src/app/features/inventory/inventory-dashboard/inventory-dashboard.component.scss:2:8:
[37m      2 Γöé @import [32m[37m"../../../../styles/mixins";
        Γò╡         [32m^[0m


  Sass @import rules are deprecated and will be removed in Dart Sass 3.0.0.
  
  More info and automated migrator: [4mhttps://sass-lang.com/d/import[0m


[33mΓû▓ [43;33m[[43;30mWARNING[43;33m][0m [1mDeprecation[0m [1m[35m[plugin angular-sass][0m

    src/app/features/inventory/purchase-orders/purchase-orders.component.scss:1:8:
[37m      1 Γöé @import [32m[37m"../../../../styles/variables";
        Γò╡         [32m^[0m


  Sass @import rules are deprecated and will be removed in Dart Sass 3.0.0.
  
  More info and automated migrator: [4mhttps://sass-lang.com/d/import[0m


[33mΓû▓ [43;33m[[43;30mWARNING[43;33m][0m [1mDeprecation[0m [1m[35m[plugin angular-sass][0m

    src/app/features/inventory/purchase-orders/purchase-orders.component.scss:2:8:
[37m      2 Γöé @import [32m[37m"../../../../styles/mixins";
        Γò╡         [32m^[0m


  Sass @import rules are deprecated and will be removed in Dart Sass 3.0.0.
  
  More info and automated migrator: [4mhttps://sass-lang.com/d/import[0m


[33mΓû▓ [43;33m[[43;30mWARNING[43;33m][0m [1mDeprecation[0m [1m[35m[plugin angular-sass][0m

    src/app/features/inventory/stock-adjustments/stock-adjustments.component.scss:1:8:
[37m      1 Γöé @import [32m[37m"../../../../styles/variables";
        Γò╡         [32m^[0m


  Sass @import rules are deprecated and will be removed in Dart Sass 3.0.0.
  
  More info and automated migrator: [4mhttps://sass-lang.com/d/import[0m


[33mΓû▓ [43;33m[[43;30mWARNING[43;33m][0m [1mDeprecation[0m [1m[35m[plugin angular-sass][0m

    src/app/features/inventory/stock-adjustments/stock-adjustments.component.scss:2:8:
[37m      2 Γöé @import [32m[37m"../../../../styles/mixins";
        Γò╡         [32m^[0m


  Sass @import rules are deprecated and will be removed in Dart Sass 3.0.0.
  
  More info and automated migrator: [4mhttps://sass-lang.com/d/import[0m


[33mΓû▓ [43;33m[[43;30mWARNING[43;33m][0m [1mDeprecation[0m [1m[35m[plugin angular-sass][0m

    src/app/features/inventory/stock-alerts/stock-alerts.component.scss:1:8:
[37m      1 Γöé @import [32m[37m"../../../../styles/variables";
        Γò╡         [32m^[0m


  Sass @import rules are deprecated and will be removed in Dart Sass 3.0.0.
  
  More info and automated migrator: [4mhttps://sass-lang.com/d/import[0m


[33mΓû▓ [43;33m[[43;30mWARNING[43;33m][0m [1mDeprecation[0m [1m[35m[plugin angular-sass][0m

    src/app/features/inventory/stock-alerts/stock-alerts.component.scss:2:8:
[37m      2 Γöé @import [32m[37m"../../../../styles/mixins";
        Γò╡         [32m^[0m


  Sass @import rules are deprecated and will be removed in Dart Sass 3.0.0.
  
  More info and automated migrator: [4mhttps://sass-lang.com/d/import[0m


[33mΓû▓ [43;33m[[43;30mWARNING[43;33m][0m [1mDeprecation[0m [1m[35m[plugin angular-sass][0m

    src/app/features/inventory/stock-transfers/stock-transfers.component.scss:1:8:
[37m      1 Γöé @import [32m[37m"../../../../styles/variables";
        Γò╡         [32m^[0m


  Sass @import rules are deprecated and will be removed in Dart Sass 3.0.0.
  
  More info and automated migrator: [4mhttps://sass-lang.com/d/import[0m


[33mΓû▓ [43;33m[[43;30mWARNING[43;33m][0m [1mDeprecation[0m [1m[35m[plugin angular-sass][0m

    src/app/features/inventory/stock-transfers/stock-transfers.component.scss:2:8:
[37m      2 Γöé @import [32m[37m"../../../../styles/mixins";
        Γò╡         [32m^[0m


  Sass @import rules are deprecated and will be removed in Dart Sass 3.0.0.
  
  More info and automated migrator: [4mhttps://sass-lang.com/d/import[0m


[33mΓû▓ [43;33m[[43;30mWARNING[43;33m][0m [1mDeprecation[0m [1m[35m[plugin angular-sass][0m

    src/app/features/inventory/suppliers/suppliers.component.scss:1:8:
[37m      1 Γöé @import [32m[37m"../../../../styles/variables";
        Γò╡         [32m^[0m


  Sass @import rules are deprecated and will be removed in Dart Sass 3.0.0.
  
  More info and automated migrator: [4mhttps://sass-lang.com/d/import[0m


[33mΓû▓ [43;33m[[43;30mWARNING[43;33m][0m [1mDeprecation[0m [1m[35m[plugin angular-sass][0m

    src/app/features/inventory/suppliers/suppliers.component.scss:2:8:
[37m      2 Γöé @import [32m[37m"../../../../styles/mixins";
        Γò╡         [32m^[0m


  Sass @import rules are deprecated and will be removed in Dart Sass 3.0.0.
  
  More info and automated migrator: [4mhttps://sass-lang.com/d/import[0m


[33mΓû▓ [43;33m[[43;30mWARNING[43;33m][0m [1mDeprecation[0m [1m[35m[plugin angular-sass][0m

    src/app/features/pos/checkout/checkout.component.scss:1:8:
[37m      1 Γöé @import [32m[37m"../../../../styles/variables";
        Γò╡         [32m^[0m


  Sass @import rules are deprecated and will be removed in Dart Sass 3.0.0.
  
  More info and automated migrator: [4mhttps://sass-lang.com/d/import[0m


[33mΓû▓ [43;33m[[43;30mWARNING[43;33m][0m [1mDeprecation[0m [1m[35m[plugin angular-sass][0m

    src/app/features/pos/checkout/checkout.component.scss:2:8:
[37m      2 Γöé @import [32m[37m"../../../../styles/mixins";
        Γò╡         [32m^[0m


  Sass @import rules are deprecated and will be removed in Dart Sass 3.0.0.
  
  More info and automated migrator: [4mhttps://sass-lang.com/d/import[0m


[33mΓû▓ [43;33m[[43;30mWARNING[43;33m][0m [1mDeprecation[0m [1m[35m[plugin angular-sass][0m

    src/app/features/pos/payment-dialog/payment-dialog.component.scss:1:8:
[37m      1 Γöé @import [32m[37m"../../../../styles/variables";
        Γò╡         [32m^[0m


  Sass @import rules are deprecated and will be removed in Dart Sass 3.0.0.
  
  More info and automated migrator: [4mhttps://sass-lang.com/d/import[0m


[33mΓû▓ [43;33m[[43;30mWARNING[43;33m][0m [1mDeprecation[0m [1m[35m[plugin angular-sass][0m

    src/app/features/pos/payment-dialog/payment-dialog.component.scss:2:8:
[37m      2 Γöé @import [32m[37m"../../../../styles/mixins";
        Γò╡         [32m^[0m


  Sass @import rules are deprecated and will be removed in Dart Sass 3.0.0.
  
  More info and automated migrator: [4mhttps://sass-lang.com/d/import[0m


[33mΓû▓ [43;33m[[43;30mWARNING[43;33m][0m [1mDeprecation[0m [1m[35m[plugin angular-sass][0m

    src/app/features/pos/product-search/product-search.component.scss:1:8:
[37m      1 Γöé @import [32m[37m"../../../../styles/variables";
        Γò╡         [32m^[0m


  Sass @import rules are deprecated and will be removed in Dart Sass 3.0.0.
  
  More info and automated migrator: [4mhttps://sass-lang.com/d/import[0m


[33mΓû▓ [43;33m[[43;30mWARNING[43;33m][0m [1mDeprecation[0m [1m[35m[plugin angular-sass][0m

    src/app/features/pos/product-search/product-search.component.scss:2:8:
[37m      2 Γöé @import [32m[37m"../../../../styles/mixins";
        Γò╡         [32m^[0m


  Sass @import rules are deprecated and will be removed in Dart Sass 3.0.0.
  
  More info and automated migrator: [4mhttps://sass-lang.com/d/import[0m


[33mΓû▓ [43;33m[[43;30mWARNING[43;33m][0m [1mDeprecation[0m [1m[35m[plugin angular-sass][0m

    src/app/features/pos/receipt-dialog/receipt-dialog.component.scss:1:8:
[37m      1 Γöé @import [32m[37m"../../../../styles/variables";
        Γò╡         [32m^[0m


  Sass @import rules are deprecated and will be removed in Dart Sass 3.0.0.
  
  More info and automated migrator: [4mhttps://sass-lang.com/d/import[0m


[33mΓû▓ [43;33m[[43;30mWARNING[43;33m][0m [1mDeprecation[0m [1m[35m[plugin angular-sass][0m

    src/app/features/pos/receipt-dialog/receipt-dialog.component.scss:2:8:
[37m      2 Γöé @import [32m[37m"../../../../styles/mixins";
        Γò╡         [32m^[0m


  Sass @import rules are deprecated and will be removed in Dart Sass 3.0.0.
  
  More info and automated migrator: [4mhttps://sass-lang.com/d/import[0m


[33mΓû▓ [43;33m[[43;30mWARNING[43;33m][0m [1mDeprecation[0m [1m[35m[plugin angular-sass][0m

    src/app/features/pos/transaction-history/transaction-history.component.scss:1:8:
[37m      1 Γöé @import [32m[37m"../../../../styles/variables";
        Γò╡         [32m^[0m


  Sass @import rules are deprecated and will be removed in Dart Sass 3.0.0.
  
  More info and automated migrator: [4mhttps://sass-lang.com/d/import[0m


[33mΓû▓ [43;33m[[43;30mWARNING[43;33m][0m [1mDeprecation[0m [1m[35m[plugin angular-sass][0m

    src/app/features/pos/transaction-history/transaction-history.component.scss:2:8:
[37m      2 Γöé @import [32m[37m"../../../../styles/mixins";
        Γò╡         [32m^[0m


  Sass @import rules are deprecated and will be removed in Dart Sass 3.0.0.
  
  More info and automated migrator: [4mhttps://sass-lang.com/d/import[0m


[33mΓû▓ [43;33m[[43;30mWARNING[43;33m][0m [1mDeprecation[0m [1m[35m[plugin angular-sass][0m

    src/app/features/products/category-management/category-management.component.scss:1:8:
[37m      1 Γöé @import [32m[37m"../../../../styles/variables";
        Γò╡         [32m^[0m


  Sass @import rules are deprecated and will be removed in Dart Sass 3.0.0.
  
  More info and automated migrator: [4mhttps://sass-lang.com/d/import[0m


[33mΓû▓ [43;33m[[43;30mWARNING[43;33m][0m [1mDeprecation[0m [1m[35m[plugin angular-sass][0m

    src/app/features/products/category-management/category-management.component.scss:2:8:
[37m      2 Γöé @import [32m[37m"../../../../styles/mixins";
        Γò╡         [32m^[0m


  Sass @import rules are deprecated and will be removed in Dart Sass 3.0.0.
  
  More info and automated migrator: [4mhttps://sass-lang.com/d/import[0m


[33mΓû▓ [43;33m[[43;30mWARNING[43;33m][0m [1mDeprecation[0m [1m[35m[plugin angular-sass][0m

    src/app/features/products/product-form/product-form.component.scss:1:8:
[37m      1 Γöé @import [32m[37m"../../../../styles/variables";
        Γò╡         [32m^[0m


  Sass @import rules are deprecated and will be removed in Dart Sass 3.0.0.
  
  More info and automated migrator: [4mhttps://sass-lang.com/d/import[0m


[33mΓû▓ [43;33m[[43;30mWARNING[43;33m][0m [1mDeprecation[0m [1m[35m[plugin angular-sass][0m

    src/app/features/products/product-form/product-form.component.scss:2:8:
[37m      2 Γöé @import [32m[37m"../../../../styles/mixins";
        Γò╡         [32m^[0m


  Sass @import rules are deprecated and will be removed in Dart Sass 3.0.0.
  
  More info and automated migrator: [4mhttps://sass-lang.com/d/import[0m


[33mΓû▓ [43;33m[[43;30mWARNING[43;33m][0m [1mDeprecation[0m [1m[35m[plugin angular-sass][0m

    src/app/features/products/product-list/product-list.component.scss:1:8:
[37m      1 Γöé @import [32m[37m"../../../../styles/variables";
        Γò╡         [32m^[0m


  Sass @import rules are deprecated and will be removed in Dart Sass 3.0.0.
  
  More info and automated migrator: [4mhttps://sass-lang.com/d/import[0m


[33mΓû▓ [43;33m[[43;30mWARNING[43;33m][0m [1mDeprecation[0m [1m[35m[plugin angular-sass][0m

    src/app/features/products/product-list/product-list.component.scss:2:8:
[37m      2 Γöé @import [32m[37m"../../../../styles/mixins";
        Γò╡         [32m^[0m


  Sass @import rules are deprecated and will be removed in Dart Sass 3.0.0.
  
  More info and automated migrator: [4mhttps://sass-lang.com/d/import[0m


[33mΓû▓ [43;33m[[43;30mWARNING[43;33m][0m [1mDeprecation[0m [1m[35m[plugin angular-sass][0m

    src/app/features/reports/customer-reports/customer-reports.component.scss:1:8:
[37m      1 Γöé @import [32m[37m"../../../../styles/variables";
        Γò╡         [32m^[0m


  Sass @import rules are deprecated and will be removed in Dart Sass 3.0.0.
  
  More info and automated migrator: [4mhttps://sass-lang.com/d/import[0m


[33mΓû▓ [43;33m[[43;30mWARNING[43;33m][0m [1mDeprecation[0m [1m[35m[plugin angular-sass][0m

    src/app/features/reports/customer-reports/customer-reports.component.scss:2:8:
[37m      2 Γöé @import [32m[37m"../../../../styles/mixins";
        Γò╡         [32m^[0m


  Sass @import rules are deprecated and will be removed in Dart Sass 3.0.0.
  
  More info and automated migrator: [4mhttps://sass-lang.com/d/import[0m


[33mΓû▓ [43;33m[[43;30mWARNING[43;33m][0m [1mDeprecation[0m [1m[35m[plugin angular-sass][0m

    src/app/features/reports/inventory-reports/inventory-reports.component.scss:1:8:
[37m      1 Γöé @import [32m[37m"../../../../styles/variables";
        Γò╡         [32m^[0m


  Sass @import rules are deprecated and will be removed in Dart Sass 3.0.0.
  
  More info and automated migrator: [4mhttps://sass-lang.com/d/import[0m


[33mΓû▓ [43;33m[[43;30mWARNING[43;33m][0m [1mDeprecation[0m [1m[35m[plugin angular-sass][0m

    src/app/features/reports/inventory-reports/inventory-reports.component.scss:2:8:
[37m      2 Γöé @import [32m[37m"../../../../styles/mixins";
        Γò╡         [32m^[0m


  Sass @import rules are deprecated and will be removed in Dart Sass 3.0.0.
  
  More info and automated migrator: [4mhttps://sass-lang.com/d/import[0m


[33mΓû▓ [43;33m[[43;30mWARNING[43;33m][0m [1mDeprecation[0m [1m[35m[plugin angular-sass][0m

    src/app/features/reports/product-performance/product-performance.component.scss:1:8:
[37m      1 Γöé @import [32m[37m"../../../../styles/variables";
        Γò╡         [32m^[0m


  Sass @import rules are deprecated and will be removed in Dart Sass 3.0.0.
  
  More info and automated migrator: [4mhttps://sass-lang.com/d/import[0m


[33mΓû▓ [43;33m[[43;30mWARNING[43;33m][0m [1mDeprecation[0m [1m[35m[plugin angular-sass][0m

    src/app/features/reports/product-performance/product-performance.component.scss:2:8:
[37m      2 Γöé @import [32m[37m"../../../../styles/mixins";
        Γò╡         [32m^[0m


  Sass @import rules are deprecated and will be removed in Dart Sass 3.0.0.
  
  More info and automated migrator: [4mhttps://sass-lang.com/d/import[0m


[33mΓû▓ [43;33m[[43;30mWARNING[43;33m][0m [1mDeprecation[0m [1m[35m[plugin angular-sass][0m

    src/app/features/reports/reports-dashboard/reports-dashboard.component.scss:1:8:
[37m      1 Γöé @import [32m[37m"../../../../styles/variables";
        Γò╡         [32m^[0m


  Sass @import rules are deprecated and will be removed in Dart Sass 3.0.0.
  
  More info and automated migrator: [4mhttps://sass-lang.com/d/import[0m


[33mΓû▓ [43;33m[[43;30mWARNING[43;33m][0m [1mDeprecation[0m [1m[35m[plugin angular-sass][0m

    src/app/features/reports/reports-dashboard/reports-dashboard.component.scss:2:8:
[37m      2 Γöé @import [32m[37m"../../../../styles/mixins";
        Γò╡         [32m^[0m


  Sass @import rules are deprecated and will be removed in Dart Sass 3.0.0.
  
  More info and automated migrator: [4mhttps://sass-lang.com/d/import[0m


[33mΓû▓ [43;33m[[43;30mWARNING[43;33m][0m [1mDeprecation[0m [1m[35m[plugin angular-sass][0m

    src/app/features/reports/sales-reports/sales-reports.component.scss:1:8:
[37m      1 Γöé @import [32m[37m"../../../../styles/variables";
        Γò╡         [32m^[0m


  Sass @import rules are deprecated and will be removed in Dart Sass 3.0.0.
  
  More info and automated migrator: [4mhttps://sass-lang.com/d/import[0m


[33mΓû▓ [43;33m[[43;30mWARNING[43;33m][0m [1mDeprecation[0m [1m[35m[plugin angular-sass][0m

    src/app/features/reports/sales-reports/sales-reports.component.scss:2:8:
[37m      2 Γöé @import [32m[37m"../../../../styles/mixins";
        Γò╡         [32m^[0m


  Sass @import rules are deprecated and will be removed in Dart Sass 3.0.0.
  
  More info and automated migrator: [4mhttps://sass-lang.com/d/import[0m


[33mΓû▓ [43;33m[[43;30mWARNING[43;33m][0m [1mDeprecation[0m [1m[35m[plugin angular-sass][0m

    src/app/shared/components/empty-state/empty-state.component.scss:1:8:
[37m      1 Γöé @import [32m[37m"../../../../styles/variables";
        Γò╡         [32m^[0m


  Sass @import rules are deprecated and will be removed in Dart Sass 3.0.0.
  
  More info and automated migrator: [4mhttps://sass-lang.com/d/import[0m


[33mΓû▓ [43;33m[[43;30mWARNING[43;33m][0m [1mDeprecation[0m [1m[35m[plugin angular-sass][0m

    src/app/shared/components/empty-state/empty-state.component.scss:2:8:
[37m      2 Γöé @import [32m[37m"../../../../styles/mixins";
        Γò╡         [32m^[0m


  Sass @import rules are deprecated and will be removed in Dart Sass 3.0.0.
  
  More info and automated migrator: [4mhttps://sass-lang.com/d/import[0m


[33mΓû▓ [43;33m[[43;30mWARNING[43;33m][0m [1mDeprecation[0m [1m[35m[plugin angular-sass][0m

    src/app/shared/components/form-error/form-error.component.scss:1:8:
[37m      1 Γöé @import [32m[37m"../../../../styles/variables";
        Γò╡         [32m^[0m


  Sass @import rules are deprecated and will be removed in Dart Sass 3.0.0.
  
  More info and automated migrator: [4mhttps://sass-lang.com/d/import[0m


[33mΓû▓ [43;33m[[43;30mWARNING[43;33m][0m [1mDeprecation[0m [1m[35m[plugin angular-sass][0m

    src/app/shared/components/form-error/form-error.component.scss:2:8:
[37m      2 Γöé @import [32m[37m"../../../../styles/mixins";
        Γò╡         [32m^[0m


  Sass @import rules are deprecated and will be removed in Dart Sass 3.0.0.
  
  More info and automated migrator: [4mhttps://sass-lang.com/d/import[0m


[33mΓû▓ [43;33m[[43;30mWARNING[43;33m][0m [1mDeprecation[0m [1m[35m[plugin angular-sass][0m

    src/app/shared/components/language-switcher/language-switcher.component.scss:1:8:
[37m      1 Γöé @import [32m[37m"../../../../styles/variables";
        Γò╡         [32m^[0m


  Sass @import rules are deprecated and will be removed in Dart Sass 3.0.0.
  
  More info and automated migrator: [4mhttps://sass-lang.com/d/import[0m


[33mΓû▓ [43;33m[[43;30mWARNING[43;33m][0m [1mDeprecation[0m [1m[35m[plugin angular-sass][0m

    src/app/shared/components/language-switcher/language-switcher.component.scss:2:8:
[37m      2 Γöé @import [32m[37m"../../../../styles/mixins";
        Γò╡         [32m^[0m


  Sass @import rules are deprecated and will be removed in Dart Sass 3.0.0.
  
  More info and automated migrator: [4mhttps://sass-lang.com/d/import[0m


[33mΓû▓ [43;33m[[43;30mWARNING[43;33m][0m [1mDeprecation[0m [1m[35m[plugin angular-sass][0m

    src/app/shared/components/localization-demo/localization-demo.component.scss:1:8:
[37m      1 Γöé @import [32m[37m"../../../../styles/variables";
        Γò╡         [32m^[0m


  Sass @import rules are deprecated and will be removed in Dart Sass 3.0.0.
  
  More info and automated migrator: [4mhttps://sass-lang.com/d/import[0m


[33mΓû▓ [43;33m[[43;30mWARNING[43;33m][0m [1mDeprecation[0m [1m[35m[plugin angular-sass][0m

    src/app/shared/components/localization-demo/localization-demo.component.scss:2:8:
[37m      2 Γöé @import [32m[37m"../../../../styles/mixins";
        Γò╡         [32m^[0m


  Sass @import rules are deprecated and will be removed in Dart Sass 3.0.0.
  
  More info and automated migrator: [4mhttps://sass-lang.com/d/import[0m


[33mΓû▓ [43;33m[[43;30mWARNING[43;33m][0m [1mDeprecation[0m [1m[35m[plugin angular-sass][0m

    src/styles/_mixins.scss:5:8:
[37m      5 Γöé @import [32m[37m"./variables";
        Γò╡         [32m^[0m


  Sass @import rules are deprecated and will be removed in Dart Sass 3.0.0.
  
  More info and automated migrator: [4mhttps://sass-lang.com/d/import[0m


[33mΓû▓ [43;33m[[43;30mWARNING[43;33m][0m [1mDeprecation[0m [1m[35m[plugin angular-sass][0m

    src/styles/_mixins.scss:5:8:
[37m      5 Γöé @import [32m[37m"./variables";
        Γò╡         [32m^[0m


  Sass @import rules are deprecated and will be removed in Dart Sass 3.0.0.
  
  More info and automated migrator: [4mhttps://sass-lang.com/d/import[0m


[33mΓû▓ [43;33m[[43;30mWARNING[43;33m][0m [1mDeprecation[0m [1m[35m[plugin angular-sass][0m

    src/styles/_mixins.scss:5:8:
[37m      5 Γöé @import [32m[37m"./variables";
        Γò╡         [32m^[0m


  Sass @import rules are deprecated and will be removed in Dart Sass 3.0.0.
  
  More info and automated migrator: [4mhttps://sass-lang.com/d/import[0m


[33mΓû▓ [43;33m[[43;30mWARNING[43;33m][0m [1mDeprecation[0m [1m[35m[plugin angular-sass][0m

    src/styles/_mixins.scss:5:8:
[37m      5 Γöé @import [32m[37m"./variables";
        Γò╡         [32m^[0m


  Sass @import rules are deprecated and will be removed in Dart Sass 3.0.0.
  
  More info and automated migrator: [4mhttps://sass-lang.com/d/import[0m


[33mΓû▓ [43;33m[[43;30mWARNING[43;33m][0m [1mDeprecation[0m [1m[35m[plugin angular-sass][0m

    src/styles/_mixins.scss:5:8:
[37m      5 Γöé @import [32m[37m"./variables";
        Γò╡         [32m^[0m


  Sass @import rules are deprecated and will be removed in Dart Sass 3.0.0.
  
  More info and automated migrator: [4mhttps://sass-lang.com/d/import[0m


[33mΓû▓ [43;33m[[43;30mWARNING[43;33m][0m [1mDeprecation[0m [1m[35m[plugin angular-sass][0m

    src/styles/_mixins.scss:5:8:
[37m      5 Γöé @import [32m[37m"./variables";
        Γò╡         [32m^[0m


  Sass @import rules are deprecated and will be removed in Dart Sass 3.0.0.
  
  More info and automated migrator: [4mhttps://sass-lang.com/d/import[0m


[33mΓû▓ [43;33m[[43;30mWARNING[43;33m][0m [1mDeprecation[0m [1m[35m[plugin angular-sass][0m

    src/styles/_mixins.scss:5:8:
[37m      5 Γöé @import [32m[37m"./variables";
        Γò╡         [32m^[0m


  Sass @import rules are deprecated and will be removed in Dart Sass 3.0.0.
  
  More info and automated migrator: [4mhttps://sass-lang.com/d/import[0m


[33mΓû▓ [43;33m[[43;30mWARNING[43;33m][0m [1mDeprecation[0m [1m[35m[plugin angular-sass][0m

    src/styles/_mixins.scss:5:8:
[37m      5 Γöé @import [32m[37m"./variables";
        Γò╡         [32m^[0m


  Sass @import rules are deprecated and will be removed in Dart Sass 3.0.0.
  
  More info and automated migrator: [4mhttps://sass-lang.com/d/import[0m


[33mΓû▓ [43;33m[[43;30mWARNING[43;33m][0m [1mDeprecation[0m [1m[35m[plugin angular-sass][0m

    src/styles/_mixins.scss:5:8:
[37m      5 Γöé @import [32m[37m"./variables";
        Γò╡         [32m^[0m


  Sass @import rules are deprecated and will be removed in Dart Sass 3.0.0.
  
  More info and automated migrator: [4mhttps://sass-lang.com/d/import[0m


[33mΓû▓ [43;33m[[43;30mWARNING[43;33m][0m [1mDeprecation[0m [1m[35m[plugin angular-sass][0m

    src/styles/_mixins.scss:5:8:
[37m      5 Γöé @import [32m[37m"./variables";
        Γò╡         [32m^[0m


  Sass @import rules are deprecated and will be removed in Dart Sass 3.0.0.
  
  More info and automated migrator: [4mhttps://sass-lang.com/d/import[0m


[33mΓû▓ [43;33m[[43;30mWARNING[43;33m][0m [1mDeprecation[0m [1m[35m[plugin angular-sass][0m

    src/styles/_mixins.scss:5:8:
[37m      5 Γöé @import [32m[37m"./variables";
        Γò╡         [32m^[0m


  Sass @import rules are deprecated and will be removed in Dart Sass 3.0.0.
  
  More info and automated migrator: [4mhttps://sass-lang.com/d/import[0m


[33mΓû▓ [43;33m[[43;30mWARNING[43;33m][0m [1mDeprecation[0m [1m[35m[plugin angular-sass][0m

    src/styles/_mixins.scss:5:8:
[37m      5 Γöé @import [32m[37m"./variables";
        Γò╡         [32m^[0m


  Sass @import rules are deprecated and will be removed in Dart Sass 3.0.0.
  
  More info and automated migrator: [4mhttps://sass-lang.com/d/import[0m


[33mΓû▓ [43;33m[[43;30mWARNING[43;33m][0m [1mDeprecation[0m [1m[35m[plugin angular-sass][0m

    src/styles/_mixins.scss:5:8:
[37m      5 Γöé @import [32m[37m"./variables";
        Γò╡         [32m^[0m


  Sass @import rules are deprecated and will be removed in Dart Sass 3.0.0.
  
  More info and automated migrator: [4mhttps://sass-lang.com/d/import[0m


[33mΓû▓ [43;33m[[43;30mWARNING[43;33m][0m [1mDeprecation[0m [1m[35m[plugin angular-sass][0m

    src/styles/_mixins.scss:5:8:
[37m      5 Γöé @import [32m[37m"./variables";
        Γò╡         [32m^[0m


  Sass @import rules are deprecated and will be removed in Dart Sass 3.0.0.
  
  More info and automated migrator: [4mhttps://sass-lang.com/d/import[0m


[33mΓû▓ [43;33m[[43;30mWARNING[43;33m][0m [1mDeprecation[0m [1m[35m[plugin angular-sass][0m

    src/styles/_mixins.scss:5:8:
[37m      5 Γöé @import [32m[37m"./variables";
        Γò╡         [32m^[0m


  Sass @import rules are deprecated and will be removed in Dart Sass 3.0.0.
  
  More info and automated migrator: [4mhttps://sass-lang.com/d/import[0m


[33mΓû▓ [43;33m[[43;30mWARNING[43;33m][0m [1mDeprecation[0m [1m[35m[plugin angular-sass][0m

    src/styles/_mixins.scss:5:8:
[37m      5 Γöé @import [32m[37m"./variables";
        Γò╡         [32m^[0m


  Sass @import rules are deprecated and will be removed in Dart Sass 3.0.0.
  
  More info and automated migrator: [4mhttps://sass-lang.com/d/import[0m


[33mΓû▓ [43;33m[[43;30mWARNING[43;33m][0m [1mDeprecation[0m [1m[35m[plugin angular-sass][0m

    src/styles/_mixins.scss:5:8:
[37m      5 Γöé @import [32m[37m"./variables";
        Γò╡         [32m^[0m


  Sass @import rules are deprecated and will be removed in Dart Sass 3.0.0.
  
  More info and automated migrator: [4mhttps://sass-lang.com/d/import[0m


[33mΓû▓ [43;33m[[43;30mWARNING[43;33m][0m [1mDeprecation[0m [1m[35m[plugin angular-sass][0m

    src/styles/_mixins.scss:5:8:
[37m      5 Γöé @import [32m[37m"./variables";
        Γò╡         [32m^[0m


  Sass @import rules are deprecated and will be removed in Dart Sass 3.0.0.
  
  More info and automated migrator: [4mhttps://sass-lang.com/d/import[0m


[33mΓû▓ [43;33m[[43;30mWARNING[43;33m][0m [1mDeprecation[0m [1m[35m[plugin angular-sass][0m

    src/styles/_mixins.scss:5:8:
[37m      5 Γöé @import [32m[37m"./variables";
        Γò╡         [32m^[0m


  Sass @import rules are deprecated and will be removed in Dart Sass 3.0.0.
  
  More info and automated migrator: [4mhttps://sass-lang.com/d/import[0m


[33mΓû▓ [43;33m[[43;30mWARNING[43;33m][0m [1mDeprecation[0m [1m[35m[plugin angular-sass][0m

    src/styles/_mixins.scss:5:8:
[37m      5 Γöé @import [32m[37m"./variables";
        Γò╡         [32m^[0m


  Sass @import rules are deprecated and will be removed in Dart Sass 3.0.0.
  
  More info and automated migrator: [4mhttps://sass-lang.com/d/import[0m


[33mΓû▓ [43;33m[[43;30mWARNING[43;33m][0m [1mDeprecation[0m [1m[35m[plugin angular-sass][0m

    src/styles/_mixins.scss:5:8:
[37m      5 Γöé @import [32m[37m"./variables";
        Γò╡         [32m^[0m


  Sass @import rules are deprecated and will be removed in Dart Sass 3.0.0.
  
  More info and automated migrator: [4mhttps://sass-lang.com/d/import[0m


[33mΓû▓ [43;33m[[43;30mWARNING[43;33m][0m [1mDeprecation[0m [1m[35m[plugin angular-sass][0m

    src/styles/_mixins.scss:5:8:
[37m      5 Γöé @import [32m[37m"./variables";
        Γò╡         [32m^[0m


  Sass @import rules are deprecated and will be removed in Dart Sass 3.0.0.
  
  More info and automated migrator: [4mhttps://sass-lang.com/d/import[0m


[33mΓû▓ [43;33m[[43;30mWARNING[43;33m][0m [1mDeprecation[0m [1m[35m[plugin angular-sass][0m

    src/styles/_mixins.scss:5:8:
[37m      5 Γöé @import [32m[37m"./variables";
        Γò╡         [32m^[0m


  Sass @import rules are deprecated and will be removed in Dart Sass 3.0.0.
  
  More info and automated migrator: [4mhttps://sass-lang.com/d/import[0m


[33mΓû▓ [43;33m[[43;30mWARNING[43;33m][0m [1mDeprecation[0m [1m[35m[plugin angular-sass][0m

    src/styles/_mixins.scss:5:8:
[37m      5 Γöé @import [32m[37m"./variables";
        Γò╡         [32m^[0m


  Sass @import rules are deprecated and will be removed in Dart Sass 3.0.0.
  
  More info and automated migrator: [4mhttps://sass-lang.com/d/import[0m


[33mΓû▓ [43;33m[[43;30mWARNING[43;33m][0m [1mDeprecation[0m [1m[35m[plugin angular-sass][0m

    src/styles/_mixins.scss:5:8:
[37m      5 Γöé @import [32m[37m"./variables";
        Γò╡         [32m^[0m


  Sass @import rules are deprecated and will be removed in Dart Sass 3.0.0.
  
  More info and automated migrator: [4mhttps://sass-lang.com/d/import[0m


[33mΓû▓ [43;33m[[43;30mWARNING[43;33m][0m [1mDeprecation[0m [1m[35m[plugin angular-sass][0m

    src/styles/_mixins.scss:5:8:
[37m      5 Γöé @import [32m[37m"./variables";
        Γò╡         [32m^[0m


  Sass @import rules are deprecated and will be removed in Dart Sass 3.0.0.
  
  More info and automated migrator: [4mhttps://sass-lang.com/d/import[0m


[33mΓû▓ [43;33m[[43;30mWARNING[43;33m][0m [1mDeprecation[0m [1m[35m[plugin angular-sass][0m

    src/styles/_mixins.scss:5:8:
[37m      5 Γöé @import [32m[37m"./variables";
        Γò╡         [32m^[0m


  Sass @import rules are deprecated and will be removed in Dart Sass 3.0.0.
  
  More info and automated migrator: [4mhttps://sass-lang.com/d/import[0m


[33mΓû▓ [43;33m[[43;30mWARNING[43;33m][0m [1mDeprecation[0m [1m[35m[plugin angular-sass][0m

    src/styles/_mixins.scss:5:8:
[37m      5 Γöé @import [32m[37m"./variables";
        Γò╡         [32m^[0m


  Sass @import rules are deprecated and will be removed in Dart Sass 3.0.0.
  
  More info and automated migrator: [4mhttps://sass-lang.com/d/import[0m


[33mΓû▓ [43;33m[[43;30mWARNING[43;33m][0m [1mDeprecation[0m [1m[35m[plugin angular-sass][0m

    src/styles/_mixins.scss:5:8:
[37m      5 Γöé @import [32m[37m"./variables";
        Γò╡         [32m^[0m


  Sass @import rules are deprecated and will be removed in Dart Sass 3.0.0.
  
  More info and automated migrator: [4mhttps://sass-lang.com/d/import[0m


[33mΓû▓ [43;33m[[43;30mWARNING[43;33m][0m [1mDeprecation[0m [1m[35m[plugin angular-sass][0m

    src/styles/_mixins.scss:5:8:
[37m      5 Γöé @import [32m[37m"./variables";
        Γò╡         [32m^[0m


  Sass @import rules are deprecated and will be removed in Dart Sass 3.0.0.
  
  More info and automated migrator: [4mhttps://sass-lang.com/d/import[0m


[33mΓû▓ [43;33m[[43;30mWARNING[43;33m][0m [1mDeprecation[0m [1m[35m[plugin angular-sass][0m

    src/styles/_mixins.scss:5:8:
[37m      5 Γöé @import [32m[37m"./variables";
        Γò╡         [32m^[0m


  Sass @import rules are deprecated and will be removed in Dart Sass 3.0.0.
  
  More info and automated migrator: [4mhttps://sass-lang.com/d/import[0m


[33mΓû▓ [43;33m[[43;30mWARNING[43;33m][0m [1mDeprecation[0m [1m[35m[plugin angular-sass][0m

    src/styles/_mixins.scss:5:8:
[37m      5 Γöé @import [32m[37m"./variables";
        Γò╡         [32m^[0m


  Sass @import rules are deprecated and will be removed in Dart Sass 3.0.0.
  
  More info and automated migrator: [4mhttps://sass-lang.com/d/import[0m


[33mΓû▓ [43;33m[[43;30mWARNING[43;33m][0m [1mDeprecation[0m [1m[35m[plugin angular-sass][0m

    src/styles/_mixins.scss:5:8:
[37m      5 Γöé @import [32m[37m"./variables";
        Γò╡         [32m^[0m


  Sass @import rules are deprecated and will be removed in Dart Sass 3.0.0.
  
  More info and automated migrator: [4mhttps://sass-lang.com/d/import[0m


[33mΓû▓ [43;33m[[43;30mWARNING[43;33m][0m [1mDeprecation[0m [1m[35m[plugin angular-sass][0m

    src/styles/_mixins.scss:5:8:
[37m      5 Γöé @import [32m[37m"./variables";
        Γò╡         [32m^[0m


  Sass @import rules are deprecated and will be removed in Dart Sass 3.0.0.
  
  More info and automated migrator: [4mhttps://sass-lang.com/d/import[0m

[39m[22m
[1m[31m[31mX [41;31m[[41;97mERROR[41;31m][0m [1mUndefined variable.
   Γò╖
11 Γöé   border-radius: $border-radius-sm;
   Γöé                  ^^^^^^^^^^^^^^^^^
   Γò╡
  src\app\shared\components\form-error\form-error.component.scss 11:18  root stylesheet[0m [1m[35m[plugin 
angular-sass][0m

[39m[22m
